fsl_lpsci.c:127:10:LPSCI_GetInstance	0	static
fsl_lpsci.c:145:8:LPSCI_TransferGetRxRingBufferLength	0	static
fsl_lpsci.c:209:10:LPSCI_Init	56	static
fsl_lpsci.c:324:6:LPSCI_Deinit	0	static
fsl_lpsci.c:337:6:LPSCI_GetDefaultConfig	0	static
fsl_lpsci.c:349:10:LPSCI_SetBaudRate	56	static
fsl_lpsci.c:430:6:LPSCI_EnableInterrupts	0	static
fsl_lpsci.c:441:6:LPSCI_DisableInterrupts	0	static
fsl_lpsci.c:452:10:LPSCI_GetEnabledInterrupts	0	static
fsl_lpsci.c:460:10:LPSCI_GetStatusFlags	0	static
fsl_lpsci.c:472:10:LPSCI_ClearStatusFlags	8	static
fsl_lpsci.c:863:6:LPSCI_TransferHandleIRQ	32	static
fsl_lpsci.c:518:6:LPSCI_WriteBlocking	0	static
fsl_lpsci.c:533:10:LPSCI_ReadBlocking	24	static
fsl_lpsci.c:575:6:LPSCI_TransferCreateHandle	24	static
fsl_lpsci.c:607:6:LPSCI_TransferStartRingBuffer	8	static
fsl_lpsci.c:628:6:LPSCI_TransferStopRingBuffer	16	static
fsl_lpsci.c:650:10:LPSCI_TransferSendNonBlocking	8	static
fsl_lpsci.c:680:6:LPSCI_TransferAbortSend	8	static
fsl_lpsci.c:690:10:LPSCI_TransferGetSendCount	0	static
fsl_lpsci.c:705:10:LPSCI_TransferReceiveNonBlocking	32	static
fsl_lpsci.c:827:6:LPSCI_TransferAbortReceive	16	static
fsl_lpsci.c:848:10:LPSCI_TransferGetReceiveCount	0	static
fsl_lpsci.c:1113:6:LPSCI_TransferHandleErrorIRQ	0	static
fsl_lpsci.c:1119:6:UART0_DriverIRQHandler	8	static
