fsl_flash.c:2980:17:flash_check_execute_in_ram_function_info	0	static
fsl_flash.c:3034:17:flash_get_matched_operation_info	16	static
fsl_flash.c:2690:17:flash_command_sequence	16	static
fsl_flash.c:3002:17:flash_check_range	12	static
fsl_flash.c:851:10:FLASH_PrepareExecuteInRamFunctions	16	static
fsl_flash.c:735:10:FLASH_Init	16	static
fsl_flash.c:1356:10:FLASH_ReadResource	64	static
fsl_flash.c:1417:10:FLASH_ReadOnce	24	static
fsl_flash.c:1453:10:FLASH_GetSecurityState	0	static
fsl_flash.c:1491:10:FLASH_SecurityBypass	8	static
fsl_flash.c:1523:10:FLASH_VerifyEraseAll	8	static
fsl_flash.c:1537:10:FLASH_VerifyErase	72	static
fsl_flash.c:1596:10:FLASH_VerifyProgram	64	static
fsl_flash.c:1654:10:FLASH_VerifyEraseAllExecuteOnlySegments	8	static
fsl_flash.c:1668:10:FLASH_IsProtected	216	static
fsl_flash.c:1860:10:FLASH_IsExecuteOnly	16	static
fsl_flash.c:1984:10:FLASH_GetProperty	16	static
fsl_flash.c:2065:10:FLASH_SetProperty	0	static
fsl_flash.c:2316:10:FLASH_PflashSetProtection	0	static
fsl_flash.c:2359:10:FLASH_PflashGetProtection	0	static
fsl_flash.c:2470:10:FLASH_PflashSetPrefetchSpeculation	0	static
fsl_flash.c:2582:10:FLASH_PflashGetPrefetchSpeculation	8	static
fsl_flash.c:2767:6:mcm_flash_cache_clear	8	static
fsl_flash.c:2942:13:flash_cache_clear_process	8	static
fsl_flash.c:2932:6:flash_cache_clear	8	static
fsl_flash.c:872:10:FLASH_EraseAll	16	static
fsl_flash.c:910:10:FLASH_Erase	64	static
fsl_flash.c:1017:10:FLASH_EraseAllExecuteOnlySegments	16	static
fsl_flash.c:1047:10:FLASH_Program	64	static
fsl_flash.c:1110:10:FLASH_ProgramOnce	16	static
