fsl_adc16.c:79:6:ADC16_Init	12	static
fsl_adc16.c:135:6:ADC16_Deinit	0	static
fsl_adc16.c:143:6:ADC16_GetDefaultConfig	0	static
fsl_adc16.c:217:6:ADC16_SetChannelMuxMode	0	static
fsl_adc16.c:230:6:ADC16_SetHardwareCompareConfig	8	static
fsl_adc16.c:267:6:ADC16_SetHardwareAverage	0	static
fsl_adc16.c:314:10:ADC16_GetStatusFlags	0	static
fsl_adc16.c:159:10:ADC16_DoAutoCalibration	32	static
fsl_adc16.c:331:6:ADC16_ClearStatusFlags	0	static
fsl_adc16.c:341:6:ADC16_SetChannelConfig	8	static
fsl_adc16.c:363:10:ADC16_GetChannelStatusFlags	0	static
