fsl_tpm.c:87:6:TPM_Init	12	static
fsl_tpm.c:126:6:TPM_Deinit	0	static
fsl_tpm.c:141:6:TPM_GetDefaultConfig	0	static
fsl_tpm.c:172:10:TPM_SetupPwm	32	static
fsl_tpm.c:376:6:TPM_UpdatePwmDutycycle	16	static
fsl_tpm.c:432:6:TPM_UpdateChnlEdgeLevelSelect	8	static
fsl_tpm.c:466:6:TPM_SetupInputCapture	0	static
fsl_tpm.c:511:6:TPM_SetupOutputCompare	8	static
fsl_tpm.c:717:6:TPM_EnableInterrupts	16	static
fsl_tpm.c:740:6:TPM_DisableInterrupts	16	static
fsl_tpm.c:763:10:TPM_GetEnabledInterrupts	0	static
