fsl_spi.c:360:13:SPI_ReceiveTransfer	12	static
fsl_spi.c:140:10:SPI_GetInstance	0	static
fsl_spi.c:164:13:SPI_WriteNonBlocking	16	static
fsl_spi.c:297:13:SPI_SendTransfer	24	static
fsl_spi.c:158:6:SPI_SetDummyData	8	static
fsl_spi.c:405:6:SPI_MasterGetDefaultConfig	0	static
fsl_spi.c:475:6:SPI_SlaveGetDefaultConfig	0	static
fsl_spi.c:494:6:SPI_SlaveInit	16	static
fsl_spi.c:538:6:SPI_Deinit	0	static
fsl_spi.c:549:10:SPI_GetStatusFlags	0	static
fsl_spi.c:565:6:SPI_EnableInterrupts	0	static
fsl_spi.c:604:6:SPI_DisableInterrupts	0	static
fsl_spi.c:642:6:SPI_MasterSetBaudRate	48	static
fsl_spi.c:427:6:SPI_MasterInit	32	static
fsl_spi.c:695:6:SPI_WriteBlocking	24	static
fsl_spi.c:736:6:SPI_WriteData	0	static
fsl_spi.c:746:10:SPI_ReadData	0	static
fsl_spi.c:758:10:SPI_MasterTransferBlocking	16	static
fsl_spi.c:816:6:SPI_MasterTransferCreateHandle	24	static
fsl_spi.c:846:10:SPI_MasterTransferNonBlocking	16	static
fsl_spi.c:917:10:SPI_MasterTransferGetCount	8	static
fsl_spi.c:943:6:SPI_MasterTransferAbort	8	static
fsl_spi.c:969:6:SPI_MasterTransferHandleIRQ.part.0	16	static
fsl_spi.c:1011:6:SPI_SlaveTransferHandleIRQ	16	static
fsl_spi.c:969:6:SPI_MasterTransferHandleIRQ	16	static
fsl_spi.c:998:6:SPI_SlaveTransferCreateHandle	8	static
fsl_spi.c:1058:6:SPI0_DriverIRQHandler	8	static
