fsl_clock.c:194:6:CLOCK_FllStableDelay	8	static
fsl_clock.c:221:17:CLOCK_GetFllExtRefClkFreq	8	static
fsl_clock.c:273:17:CLOCK_GetInternalRefClkSelectFreq	0	static
fsl_clock.c:321:10:CLOCK_GetOsc0ErClkFreq	0	static
fsl_clock.c:335:10:CLOCK_GetEr32kClkFreq	8	static
fsl_clock.c:408:6:CLOCK_SetSimConfig	0	static
fsl_clock.c:436:10:CLOCK_GetFllFreq	8	static
fsl_clock.c:413:10:CLOCK_GetOutClkFreq	8	static
fsl_clock.c:355:10:CLOCK_GetBusClkFreq	16	static
fsl_clock.c:345:10:CLOCK_GetFlashClkFreq	8	static
fsl_clock.c:365:10:CLOCK_GetCoreSysClkFreq	8	static
fsl_clock.c:340:10:CLOCK_GetPlatClkFreq	8	static
fsl_clock.c:462:10:CLOCK_GetInternalRefClkFreq	8	static
fsl_clock.c:370:10:CLOCK_GetFreq	16	static
fsl_clock.c:473:10:CLOCK_GetFixedFreqClkFreq	8	static
fsl_clock.c:488:10:CLOCK_SetExternalRefClkConfig	0	static
fsl_clock.c:496:10:CLOCK_SetInternalRefClkConfig	16	static
fsl_clock.c:544:6:CLOCK_SetOsc0MonitorMode	0	static
fsl_clock.c:567:10:CLOCK_GetStatusFlags	0	static
fsl_clock.c:583:6:CLOCK_ClearStatusFlags	0	static
fsl_clock.c:591:6:CLOCK_InitOsc0	12	static
fsl_clock.c:609:6:CLOCK_DeinitOsc0	0	static
fsl_clock.c:615:10:CLOCK_TrimInternalRefClk	32	static
fsl_clock.c:691:12:CLOCK_GetMode	12	static
fsl_clock.c:780:10:CLOCK_SetFeiMode	24	static
fsl_clock.c:840:10:CLOCK_SetFeeMode	32	static
fsl_clock.c:917:10:CLOCK_SetFbiMode	24	static
fsl_clock.c:981:10:CLOCK_SetFbeMode	16	static
fsl_clock.c:1057:10:CLOCK_SetBlpiMode	0	static
fsl_clock.c:1072:10:CLOCK_SetBlpeMode	8	static
fsl_clock.c:1087:10:CLOCK_ExternalModeToFbeModeQuick	0	static
fsl_clock.c:1107:10:CLOCK_InternalModeToFbiModeQuick	0	static
fsl_clock.c:1127:10:CLOCK_BootToFeiMode	8	static
fsl_clock.c:1132:10:CLOCK_BootToFeeMode	8	static
fsl_clock.c:1140:10:CLOCK_BootToBlpiMode	8	static
fsl_clock.c:1157:10:CLOCK_BootToBlpeMode	0	static
fsl_clock.c:1207:10:CLOCK_SetMcgConfig	16	static
