fsl_i2c.c:304:17:I2C_CheckAndClearError	0	static
fsl_i2c.c:490:13:I2C_TransferCommonIRQHandler	8	static
fsl_i2c.c:172:10:I2C_GetInstance	0	static
fsl_i2c.c:566:6:I2C_MasterDeinit	8	static
fsl_i2c.c:577:6:I2C_MasterGetDefaultConfig	0	static
fsl_i2c.c:601:6:I2C_EnableInterrupts	0	static
fsl_i2c.c:641:6:I2C_DisableInterrupts	0	static
fsl_i2c.c:663:6:I2C_MasterSetBaudRate	40	static
fsl_i2c.c:504:6:I2C_MasterInit	24	static
fsl_i2c.c:795:10:I2C_MasterStop	0	static
fsl_i2c.c:823:10:I2C_MasterGetStatusFlags	0	static
fsl_i2c.c:705:10:I2C_MasterStart	16	static
fsl_i2c.c:743:10:I2C_MasterRepeatedStart	16	static
fsl_i2c.c:1361:6:I2C_MasterTransferHandleIRQ	40	static
fsl_i2c.c:1739:6:I2C_SlaveTransferHandleIRQ	40	static
fsl_i2c.c:846:10:I2C_MasterWriteBlocking	32	static
fsl_i2c.c:932:10:I2C_MasterReadBlocking	40	static
fsl_i2c.c:1022:10:I2C_MasterTransferBlocking	24	static
fsl_i2c.c:1221:6:I2C_MasterTransferCreateHandle	24	static
fsl_i2c.c:1247:10:I2C_MasterTransferNonBlocking	32	static
fsl_i2c.c:1274:10:I2C_MasterTransferAbort	32	static
fsl_i2c.c:1347:10:I2C_MasterTransferGetCount	0	static
fsl_i2c.c:1405:6:I2C_SlaveInit	40	static
fsl_i2c.c:1467:6:I2C_SlaveDeinit	8	static
fsl_i2c.c:1478:6:I2C_SlaveGetDefaultConfig	0	static
fsl_i2c.c:1506:10:I2C_SlaveWriteBlocking	24	static
fsl_i2c.c:1555:10:I2C_SlaveReadBlocking	24	static
fsl_i2c.c:1641:6:I2C_SlaveTransferCreateHandle	24	static
fsl_i2c.c:1667:10:I2C_SlaveTransferNonBlocking	24	static
fsl_i2c.c:1700:6:I2C_SlaveTransferAbort	8	static
fsl_i2c.c:1717:10:I2C_SlaveTransferGetCount	0	static
fsl_i2c.c:1981:6:I2C0_DriverIRQHandler	8	static
fsl_i2c.c:1988:6:I2C1_DriverIRQHandler	8	static
